curl \
	--request POST \
	--header "Content-Type: application/json" \
	--header "X-Client-Info: postgrest-swift/0.0.3" \
	--data "{\"KEY\":\"VALUE\"}" \
	"https://example.supabase.co/rpc/test_fcn"