curl \
	--request POST \
	--header "Accept: application/json" \
	--header "Content-Type: application/json" \
	--header "Prefer: resolution=ignore-duplicates,return=representation" \
	--data "{\"email\":\"johndoe@supabase.io\"}" \
	"https://example.supabase.co/users"