curl \
	--request POST \
	--header "Content-Type: application/json" \
	--header "Prefer: resolution=merge-duplicates,return=representation" \
	--header "X-Client-Info: postgrest-swift/1.0.1" \
	--data "{\"email\":\"johndoe@supabase.io\"}" \
	"https://example.supabase.co/users"