curl \
	--header "Accept: application/json" \
	--header "Content-Type: application/json" \
	"https://example.supabase.co/user?id=eq.Cig%C3%A1nyka-%C3%A9r%20(0+400%20cskm)%20v%C3%ADzrajzi%20%C3%A1llom%C3%A1s&select=tasks%5C(*%5C)"