curl \
	--request POST \
	--header "Content-Type: application/json" \
	--header "X-Client-Info: postgrest-swift/1.0.0" \
	--data "\"eyJLRVkiOiJWQUxVRSJ9\"" \
	"https://example.supabase.co/rpc/test_fcn"