curl \
	--header "Accept: application/json" \
	--header "Content-Type: application/json" \
	"https://example.supabase.co/users?email=like.%25@supabase.co&select=*"