curl \
	--header "Content-Type: application/json" \
	--header "X-Client-Info: postgrest-swift/0.0.6" \
	"https://example.supabase.co/users?email=like.%25@supabase.co&select=*"