curl \
	--header "Accept: application/json" \
	--header "Content-Type: application/json" \
	--header "X-Client-Info: postgrest-swift/1.0.2" \
	"https://example.supabase.co/users?name=cs.%7Bis:online,faction:red%7D&select=*"