▿ Request<Data>
  ▿ body: Optional<Encodable>
    ▿ some: 1 key/value pair
      ▿ (2 elements)
        - key: "email"
        - value: "johndoe@supabase.io"
  ▿ headers: Optional<Dictionary<String, String>>
    ▿ some: 2 key/value pairs
      ▿ (2 elements)
        - key: "Content-Type"
        - value: "application/json"
      ▿ (2 elements)
        - key: "X-Client-Info"
        - value: "postgrest-swift/0.0.6"
  - id: Optional<String>.none
  ▿ method: HTTPMethod
    - rawValue: "POST"
  - query: Optional<Array<(String, Optional<String>)>>.none
  ▿ url: Optional<URL>
    - some: https://example.supabase.co/users
