curl \
	--request POST \
	--header "Content-Type: application/json" \
	--header "X-Client-Info: postgrest-swift/0.0.3" \
	--data "{\"email\":\"johndoe@supabase.io\"}" \
	"https://example.supabase.co/users"